MPLINK 4.48, Linker
Linker Map File - Created Mon Jul 28 02:00:35 2025

                                 Section Info
                  Section       Type    Address   Location Size(Bytes)
                ---------  ---------  ---------  ---------  ---------
                   .org_0       code   0x000000    program   0x000002
                   .cinit    romdata   0x000001    program   0x000004
                   .org_1       code   0x000005    program   0x0000a0
      .config_2007_MAIN.O       code   0x002007    program   0x000002
      .config_2008_MAIN.O       code   0x002008    program   0x000002



                              Program Memory Usage 
                               Start         End      
                           ---------   ---------      
                            0x000000    0x000002      
                            0x000005    0x000054      
                            0x002007    0x002008      
            85 out of 8455 program addresses used, program memory utilization is 1%



                              Symbols - Sorted by Name
                     Name    Address   Location    Storage File                     
                ---------  ---------  ---------  --------- ---------                
                    DELAY   0x00004d    program     static C:\Users\claudio\Desktop\full-bridge\main.asm
                   DERECH   0x00004a    program     static C:\Users\claudio\Desktop\full-bridge\main.asm
                   INICIO   0x000005    program     static C:\Users\claudio\Desktop\full-bridge\main.asm
                      IZQ   0x000047    program     static C:\Users\claudio\Desktop\full-bridge\main.asm
                     LOOP   0x000038    program     static C:\Users\claudio\Desktop\full-bridge\main.asm
                    NUEVO   0x000016    program     static C:\Users\claudio\Desktop\full-bridge\main.asm
                   PDelL1   0x000052    program     static C:\Users\claudio\Desktop\full-bridge\main.asm
                   PDelL2   0x000053    program     static C:\Users\claudio\Desktop\full-bridge\main.asm
                   PLoop0   0x00004f    program     static C:\Users\claudio\Desktop\full-bridge\main.asm
                     STOP   0x00003a    program     static C:\Users\claudio\Desktop\full-bridge\main.asm
                     TIME   0x000021    program     static C:\Users\claudio\Desktop\full-bridge\main.asm



                              Symbols - Sorted by Address
                     Name    Address   Location    Storage File                     
                ---------  ---------  ---------  --------- ---------                
                   INICIO   0x000005    program     static C:\Users\claudio\Desktop\full-bridge\main.asm
                    NUEVO   0x000016    program     static C:\Users\claudio\Desktop\full-bridge\main.asm
                     TIME   0x000021    program     static C:\Users\claudio\Desktop\full-bridge\main.asm
                     LOOP   0x000038    program     static C:\Users\claudio\Desktop\full-bridge\main.asm
                     STOP   0x00003a    program     static C:\Users\claudio\Desktop\full-bridge\main.asm
                      IZQ   0x000047    program     static C:\Users\claudio\Desktop\full-bridge\main.asm
                   DERECH   0x00004a    program     static C:\Users\claudio\Desktop\full-bridge\main.asm
                    DELAY   0x00004d    program     static C:\Users\claudio\Desktop\full-bridge\main.asm
                   PLoop0   0x00004f    program     static C:\Users\claudio\Desktop\full-bridge\main.asm
                   PDelL1   0x000052    program     static C:\Users\claudio\Desktop\full-bridge\main.asm
                   PDelL2   0x000053    program     static C:\Users\claudio\Desktop\full-bridge\main.asm


